// Jest Snapshot v1, https://goo.gl/fbAQLP

exports[`AddExpensePage Rendering:  should render the AddExpense page correctly 1`] = `
<div>
  <div
    className="page-header"
  >
    <div
      className="container"
    >
      <h1
        className="page-header__title"
      >
         Add Expense 
      </h1>
    </div>
  </div>
  <div
    className="container"
  >
    <ExpenseForm
      buttonText="Add Expense"
      onSubmit={[Function]}
    />
  </div>
</div>
`;

exports[`AddExpensePage UI Testing:  should handle onSubmit 1`] = `
<div>
  <div
    className="page-header"
  >
    <div
      className="container"
    >
      <h1
        className="page-header__title"
      >
         Add Expense 
      </h1>
    </div>
  </div>
  <div
    className="container"
  >
    <ExpenseForm
      buttonText="Add Expense"
      onSubmit={[Function]}
    />
  </div>
</div>
`;

exports[`AddExpensePage UI Testing:  should handle onSubmit 2`] = `
<div>
  <div
    className="page-header"
  >
    <div
      className="container"
    >
      <h1
        className="page-header__title"
      >
         Add Expense 
      </h1>
    </div>
  </div>
  <div
    className="container"
  >
    <ExpenseForm
      buttonText="Add Expense"
      onSubmit={[Function]}
    />
  </div>
</div>
`;
