// Jest Snapshot v1, https://goo.gl/fbAQLP

exports[`Header component rendering should render Header correctly 1`] = `
<header
  className="header"
>
  <div
    className="container"
  >
    <div
      className="header__content"
    >
      <Link
        className="header__title"
        to="/dashboard"
      >
        <h1>
          Expensologist
        </h1>
      </Link>
      <button
        className="button button--link"
        onClick={[MockFunction]}
      >
        Log out
      </button>
    </div>
    <div
      className="header__data-warning"
    >
      This app is only a demo app. Data and data structures may be deleted or changed without warning.
    </div>
  </div>
</header>
`;
